
▣ 8.3 오라클 db 를 올렸다 내렸다 할 수 있는 권한 관리가 2가지가 있어요

 오라클 db를 관리하는 관리자 인증방법 2가지 ?

 1. os 인증 방법  :  원격에서 리스너 통해서 sys 유져로 접속할 수 없는 인증방법 
 
    db 내리려면 서버실을 가거나 putty 로 그냥 접속하거나 

2. password  file 인증 방법 : 리스너 통해서 sys 유져로 접속할 수 있는 인증방법 

■ 실습1.  os 인증방법

#1.  os 인증방법으로 설정되어 있는지 패스워드 인증방법으로 설정되어 있는지
     확인합니다.

PROD> show parameter remote_login_passwordfile

remote_login_passwordfile            string      EXCLUSIVE

 exclusive 이면 password 파일 인증방법이고 none 이면 os 인증방법입니다.

#2. os 인증방법으로 변경하기 위해서 remote_login_passwordfile 을 none 으로
     변경합니다.

PROD> alter  system  set  remote_login_passwordfile=none  scope=spfile;

PROD> shutdown immediate

PROD> startup 
PROD> show  parameter remote_login_passwordfile  

remote_login_passwordfile            string      NONE

PROD> exit;

$ sqlplus  sys/oracle@192.168.19.xx:1521/PROD  as sysdba 

ERROR:
ORA-01031: insufficient privileges

리스너 통해서 sys 유져로는 접속 못합니다. 

#3. 다시 remote_login_passwordfile 을 exclusive 로 돌려놓고 인스턴스를 
     내렸다 올립니다.

$ ss
PROD> alter   system  set  remote_login_passwordfile=exclusive  scope=spfile;

PROD>  shutdown  immediate

PROD>  startup

#4. remote_login_passwordfile 파라미터가 exclusive 로 되었는지 확인하고
     sys유져로 리스너 통해서 접속해봅니다. 

PROD> show  parameter  remote_login_passwordfile 

PROD> exit;

$  net

$ vi sqlnet.ora

$ sqlplus sys/oracle@192.168.19.60:1521/PROD as sysba

접속이 안되므로 다음과 같이 조치합니다. 

관리자 인증방식 2가지 ?

 1. os 인증방법 :    리스너 통해서 관리자로 접속 못하는 방식 

 2. password file 인증방법 :  리스너 통해서 관리자로 접속할 수 있는 방식 

   password file 인증방법이 가능하려면  password file 이 있어야 접속가능합니다.

  현재 password file 이 없습니다.  저번에 db 를 수동으로 생성하고 따로 안만들었
  습니다. 

# 조치사항1.  PROD DB 용 패스워드 파일이 있는지 확인합니다. 

$ dbs
$ pwd 
$ ls -l orapw*
-rw-r----- 1 oracle oinstall 1536 Feb 13 15:40 orapwPROD
-rw-r----- 1 oracle oinstall 1536 Jan 29 15:17 orapworcl
-rw-r----- 1 oracle oinstall 1536 Feb  7 16:07 orapwyys

없다면 만들어야합니다.

# 조치사항2.  prod 용 패스워드 파일을 생성합니다.

$ orapwd   file=orapwPROD  password=oracle

$ ls -l  orapw*

$ sqlplus sys/oracle@192.168.19.xx:1521/PROD as sysdba

문제1.  고객사 dba 에게 전화가 왔는데 sys 유져의 패스워드를 잊어버려서
          sysdba 로 접속이 안된다고 한다.  sys 유져의 패스워드를 변경하려면
          패스워드 파일을 재생성하면 되므로 기존 패스워드 파일을 지우고
          패스워드를 oracle_4U 로 해서  패스워드 파일을 재생성하고 
          다음과 같이 접속이 되는지 확인하시오 ! 

$ sqlplus sys/oracle_4U@192.168.19.xx:1521/PROD as sysdba

답: 

[PROD:dbs]$ rm orapwPROD
[PROD:dbs]$
[PROD:dbs]$ orapwd file=orapwPROD password=oracle_4U
[PROD:dbs]$
[PROD:dbs]$ sqlplus sys/oracle_4U@192.168.19.60:1521/PROD as sysdba

문제2.  짝꿍과 자리를 바꿔서 sys 의 패스워드를 아무거나 어려운걸로 
          변경하고 자리로 돌아옵니다.

  패스워드 파일을 지우고 재생성하면 됩니다. 

문제3. 자리로 돌아와서 sys 유져로 다음과 같이 접속해보고 접속이 안되면
         sys 유져의 패스워드를 다시 oracle 로 변경합니다. 

 sqlplus sys/oracle_4U@192.168.19.60:1521/PROD as sysdba

[PROD:dbs]$ rm orapwPROD
[PROD:dbs]$
[PROD:dbs]$ orapwd file=orapwPROD password=oracle
[PROD:dbs]$
[PROD:dbs]$
[PROD:dbs]$ sqlplus sys/oracle@192.168.19.60:1521/PROD as sysdba